// Jest Snapshot v1, https://goo.gl/fbAQLP

exports[`clock ui Button renders correctly 1`] = `
<div
  className=""
>
  00:00:00
</div>
`;
